==56570== Memcheck, a memory error detector
==56570== Copyright (C) 2002-2017, and GNU GPL'd, by Julian Seward et al.
==56570== Using Valgrind-3.18.1 and LibVEX; rerun with -h for copyright info
==56570== Command: ./webserv default_config
==56570== 
http{
	server {
		listen 8181;

		root /sgoinfre/goinfre/Perso/tnaton/putty;

		index index.html index.htm;

		server_name putty;
	}

	server {
		listen 8079;

		root ./www/default;
		
		index index.html index.htm;

		cgi .php /usr/lib/cgi-bin/php .py /usr/bin/python3;

		server_name default;

		location /Downloads {
			allow_method POST GET;
			root ./www/default/bouhbouh;
		}

		location /form {
			root ./www/form;
			index index.php;
			cgi .php /usr/lib/cgi-bin/php;
		}

		error_page  404     ./www/default/w404.html;
		error_page  403     /403.html;
	}

	server {
		listen 8080;

		root ./www/basic;

		index index.html index.htm;

		server_name basic;

		error_page  404     /404.html;
		error_page  403     /403.html;
	}
}
Port:8181
IP:*
Server_Name:putty
Root:/sgoinfre/goinfre/Perso/tnaton/putty
Port:8079
IP:*
Server_Name:default
Root:./www/default
Port:8080
IP:*
Server_Name:basic
Root:./www/basic
==56570== 
==56570== HEAP SUMMARY:
==56570==     in use at exit: 0 bytes in 0 blocks
==56570==   total heap usage: 691 allocs, 691 frees, 2,296,958 bytes allocated
==56570== 
==56570== All heap blocks were freed -- no leaks are possible
==56570== 
==56570== For lists of detected and suppressed errors, rerun with: -s
==56570== ERROR SUMMARY: 0 errors from 0 contexts (suppressed: 0 from 0)
